<html>
<body>
<pre>
<h1>礦ision Build Log</h1>
<h2>Tool Versions:</h2>
IDE-Version: μVision V5.17.0.0
Copyright (C) 2015 ARM Ltd and ARM Germany GmbH. All rights reserved.
License Information: nan lv, robotpen, LIC=Z3C63-ATRNW-VJN6J-UIDST-DRA7J-TAX6R
 
Tool Versions:
Toolchain:       MDK-ARM Professional  Version: 5.17
Toolchain Path:  C:\Keil_v5\ARM\ARMCC\Bin
C Compiler:      Armcc.exe V5.06 update 1 (build 61)
Assembler:       Armasm.exe V5.06 update 1 (build 61)
Linker/Locator:  ArmLink.exe V5.06 update 1 (build 61)
Library Manager: ArmAr.exe V5.06 update 1 (build 61)
Hex Converter:   FromElf.exe V5.06 update 1 (build 61)
CPU DLL:         SARMCM3.DLL V5.17
Dialog DLL:      DCM.DLL V1.13.4.0
Target DLL:      Segger\JL2CM3.dll V2.99.16.0
Dialog DLL:      TCM.DLL V1.14.6.0
 
<h2>Project:</h2>
E:\研究目录\soft\T9W_MCU_H3_RTOS_V0.40\nebula_master_401\MDK-ARM\nebula_master_401.uvprojx
Project File Date:  01/10/2018

<h2>Output:</h2>
*** Using Compiler 'V5.06 update 1 (build 61)', folder: 'C:\Keil_v5\ARM\ARMCC\Bin'
Build target 'nebula_master_401'
compiling Application_Main_Thread.c...
..\APP\Application_Main_Thread.c(128): warning:  #177-D: variable "size" was declared but never referenced
      uint32_t size;   
..\APP\Application_Main_Thread.c: 1 warning, 0 errors
compiling main.c...
../Src/main.c(241): warning:  #177-D: function "MX_IWDG_Init" was declared but never referenced
  static void MX_IWDG_Init(void)
../Src/main.c: 1 warning, 0 errors
linking...
Program Size: Code=79064 RO-data=10980 RW-data=2292 ZI-data=51716  
FromELF: creating hex file...
After Build - User command #1: C:\Keil_v5\ARM\ARMCC\bin\fromelf.exe  --bin -o  ./bin/T9W_MCU_0.40.bin  ./nebula_master_401/nebula_master_401.axf
"nebula_master_401\nebula_master_401.axf" - 0 Error(s), 2 Warning(s).

<h2>Software Packages used:</h2>

Package Vendor: ARM
                http://www.keil.com/pack/ARM.CMSIS.4.5.0.pack
                ARM::CMSIS:CORE:4.3.0
                CMSIS (Cortex Microcontroller Software Interface Standard)
   * Component: CORE Version: 4.3.0

<h2>Collection of Component include folders:</h2>
  E:\研究目录\soft\T9W_MCU_H3_RTOS_V0.40\nebula_master_401\MDK-ARM\RTE
  C:\Keil_v5\ARM\PACK\ARM\CMSIS\4.5.0\CMSIS\Include
  C:\Keil_v5\ARM\PACK\Keil\STM32F4xx_DFP\2.9.0\Drivers\CMSIS\Device\ST\STM32F4xx\Include

<h2>Collection of Component Files used:</h2>

   * Component: ARM::CMSIS:CORE:4.3.0
Build Time Elapsed:  00:00:04
</pre>
</body>
</html>
