<html>
<body>
<pre>
<h1>礦ision Build Log</h1>
<h2>Tool Versions:</h2>
IDE-Version: μVision V5.17.0.0
Copyright (C) 2015 ARM Ltd and ARM Germany GmbH. All rights reserved.
License Information: nan lv, robotpen, LIC=Z3C63-ATRNW-VJN6J-UIDST-DRA7J-TAX6R
 
Tool Versions:
Toolchain:       MDK-ARM Professional  Version: 5.17
Toolchain Path:  C:\Keil_v5\ARM\ARMCC\Bin
C Compiler:      Armcc.exe V5.06 update 1 (build 61)
Assembler:       Armasm.exe V5.06 update 1 (build 61)
Linker/Locator:  ArmLink.exe V5.06 update 1 (build 61)
Library Manager: ArmAr.exe V5.06 update 1 (build 61)
Hex Converter:   FromElf.exe V5.06 update 1 (build 61)
CPU DLL:         SARMCM3.DLL V5.17
Dialog DLL:      DCM.DLL V1.13.4.0
Target DLL:      Segger\JL2CM3.dll V2.99.16.0
Dialog DLL:      TCM.DLL V1.14.6.0
 
<h2>Project:</h2>
E:\研究目录\soft\T9W_MCU_H3_RTOS_V0.40\nebula_mater_boot\MDK-ARM\nebula_master_boot.uvprojx
Project File Date:  12/20/2017

<h2>Output:</h2>
*** Using Compiler 'V5.06 update 1 (build 61)', folder: 'C:\Keil_v5\ARM\ARMCC\Bin'
Build target 'nebula_master_boot'
compiling stm32f4xx_hal_msp.c...
../Src/stm32f4xx_hal_msp.c(471): warning:  #177-D: variable "GPIO_InitStruct" was declared but never referenced
    GPIO_InitTypeDef GPIO_InitStruct;
../Src/stm32f4xx_hal_msp.c: 1 warning, 0 errors
compiling main.c...
../Src/main.c(223): warning:  #177-D: function "MX_I2C1_Init" was declared but never referenced
  static void MX_I2C1_Init(void)
../Src/main.c(196): warning:  #177-D: function "MX_ADC1_Init" was declared but never referenced
  static void MX_ADC1_Init(void)
../Src/main.c(243): warning:  #177-D: function "MX_I2C3_Init" was declared but never referenced
  static void MX_I2C3_Init(void)
../Src/main.c(278): warning:  #177-D: function "MX_SPI1_Init" was declared but never referenced
  static void MX_SPI1_Init(void)
../Src/main.c(304): warning:  #177-D: function "MX_SPI2_Init" was declared but never referenced
  static void MX_SPI2_Init(void)
../Src/main.c(327): warning:  #177-D: function "MX_SPI3_Init" was declared but never referenced
  static void MX_SPI3_Init(void)
../Src/main.c(351): warning:  #177-D: function "MX_TIM2_Init" was declared but never referenced
  static void MX_TIM2_Init(void)
../Src/main.c(263): warning:  #177-D: function "MX_IWDG_Init" was declared but never referenced
  static void MX_IWDG_Init(void)
../Src/main.c(400): warning:  #177-D: function "MX_TIM5_Init" was declared but never referenced
  static void MX_TIM5_Init(void)
../Src/main.c(447): warning:  #177-D: function "MX_TIM10_Init" was declared but never referenced
  static void MX_TIM10_Init(void)
../Src/main.c(464): warning:  #177-D: function "MX_TIM1_Init" was declared but never referenced
  static void MX_TIM1_Init(void)
../Src/main.c(482): warning:  #177-D: function "MX_USART2_UART_Init" was declared but never referenced
  static void MX_USART2_UART_Init(void)
../Src/main.c: 12 warnings, 0 errors
compiling stm32f4xx_it.c...
compiling dfu.c...
compiling Application_Main_Thread.c...
compiling debug_log.c...
compiling usbd_desc.c...
compiling usbd_conf.c...
compiling device_info.c...
..\Lib\device_info.c(40): warning:  #940-D: missing return statement at end of non-void function "Get_sector"
  }
..\Lib\device_info.c: 1 warning, 0 errors
compiling usbd_custom_hid_if.c...
compiling usbd_ioreq.c...
compiling usb_device.c...
compiling usbd_ctlreq.c...
compiling usbd_customhid.c...
compiling usbd_core.c...
compiling stm32f4xx_hal_iwdg.c...
compiling stm32f4xx_hal_rcc_ex.c...
compiling stm32f4xx_hal_flash_ramfunc.c...
compiling stm32f4xx_hal_i2c.c...
compiling stm32f4xx_hal_pwr_ex.c...
compiling stm32f4xx_hal_adc_ex.c...
compiling stm32f4xx_hal_flash.c...
compiling stm32f4xx_hal_pcd_ex.c...
compiling stm32f4xx_hal_tim_ex.c...
compiling stm32f4xx_hal_uart.c...
compiling stm32f4xx_hal_rcc.c...
compiling stm32f4xx_hal_dma_ex.c...
compiling stm32f4xx_hal_tim.c...
compiling stm32f4xx_hal_pcd.c...
compiling stm32f4xx_hal_i2c_ex.c...
compiling stm32f4xx_ll_usb.c...
compiling stm32f4xx_hal_flash_ex.c...
compiling stm32f4xx_hal_pwr.c...
compiling stm32f4xx_hal_spi.c...
compiling stm32f4xx_hal_cortex.c...
compiling stm32f4xx_hal.c...
compiling stm32f4xx_hal_dma.c...
compiling stm32f4xx_hal_adc.c...
assembling startup_stm32f401xe.s...
compiling system_stm32f4xx.c...
compiling stm32f4xx_hal_gpio.c...
linking...
Program Size: Code=13100 RO-data=452 RW-data=24 ZI-data=5432  
FromELF: creating hex file...
After Build - User command #1: C:\Keil_v5\ARM\ARMCC\bin\fromelf.exe  --bin -o  ./bin/nebula_master_boot.bin  ./nebula_master_boot/nebula_master_boot.axf
".\nebula_master_boot\nebula_master_boot.axf" - 0 Error(s), 14 Warning(s).

<h2>Software Packages used:</h2>

Package Vendor: ARM
                http://www.keil.com/pack/ARM.CMSIS.4.5.0.pack
                ARM::CMSIS:CORE:4.3.0
                CMSIS (Cortex Microcontroller Software Interface Standard)
   * Component: CORE Version: 4.3.0

<h2>Collection of Component include folders:</h2>
  E:\研究目录\soft\T9W_MCU_H3_RTOS_V0.40\nebula_mater_boot\MDK-ARM\RTE
  C:\Keil_v5\ARM\PACK\ARM\CMSIS\4.5.0\CMSIS\Include
  C:\Keil_v5\ARM\PACK\Keil\STM32F4xx_DFP\2.9.0\Drivers\CMSIS\Device\ST\STM32F4xx\Include

<h2>Collection of Component Files used:</h2>

   * Component: ARM::CMSIS:CORE:4.3.0
Build Time Elapsed:  00:00:24
</pre>
</body>
</html>
